###############################################################################
#
# IAR ELF Linker V8.11.3.13950/W32 for ARM                13/Nov/2019  12:05:08
# Copyright 2007-2017 IAR Systems AB.
#
#    Output file  =  
#        D:\Users\User\Documents\UW ME\cse474(embedded
#        system)\lab\lab4\task2\Debug\Exe\temperature_reading.out
#    Map file     =  
#        D:\Users\User\Documents\UW ME\cse474(embedded
#        system)\lab\lab4\task2\Debug\List\temperature_reading.map
#    Command line =  
#        -f C:\Users\User\AppData\Local\Temp\EW665E.tmp
#        ("D:\Users\User\Documents\UW ME\cse474(embedded
#        system)\lab\lab4\task2\Debug\Obj\cstartup_M.o"
#        "D:\Users\User\Documents\UW ME\cse474(embedded
#        system)\lab\lab4\task2\Debug\Obj\main.o" "D:\Users\User\Documents\UW
#        ME\cse474(embedded system)\lab\lab4\task2\Debug\Obj\SSD2119.o" -o
#        "D:\Users\User\Documents\UW ME\cse474(embedded
#        system)\lab\lab4\task2\Debug\Exe\temperature_reading.out" --redirect
#        _Printf=_PrintfFullNoMb --redirect _Scanf=_ScanfFullNoMb --map
#        "D:\Users\User\Documents\UW ME\cse474(embedded
#        system)\lab\lab4\task2\Debug\List\temperature_reading.map" --config
#        "D:\Program Files (x86)\IAR Systems\Embedded Workbench
#        8.0\arm\config\linker\TexasInstruments\TM4C123GH6.icf" --semihosting
#        --entry __iar_program_start --vfe --text_out locale)
#
###############################################################################

*******************************************************************************
*** RUNTIME MODEL ATTRIBUTES
***

CppFlavor       = *
__SystemLibrary = DLib
__dlib_version  = 6


*******************************************************************************
*** HEAP SELECTION
***

The basic heap was selected because some modules are built with
size limitations (and not runtime checking), and --advanced_heap
was not specified.


*******************************************************************************
*** PLACEMENT SUMMARY
***

"A0":  place at 0x00000000 { ro section .intvec };
"P1":  place in [from 0x00000000 to 0x0003ffff] { ro };
define block CSTACK with size = 4K, alignment = 8 { };
define block HEAP with size = 8K, alignment = 8 { };
"P2":  place in [from 0x20000000 to 0x20007fff] {
          rw, block CSTACK, block HEAP };

  Section          Kind        Address    Size  Object
  -------          ----        -------    ----  ------
"A0":                                     0x90
  .intvec          const    0x00000000    0x90  cstartup_M.o [1]
                          - 0x00000090    0x90

"P1":                                   0x122e
  .text            ro code  0x00000090   0x6f8  SSD2119.o [1]
  .text            ro code  0x00000788   0x246  DblDiv.o [4]
  .text            ro code  0x000009ce     0x2  cstartup_M.o [1]
  .rodata          const    0x000009d0   0x1e0  SSD2119.o [1]
  .text            ro code  0x00000bb0   0x1a2  DblMul.o [4]
  .text            ro code  0x00000d52     0x2  cstartup_M.o [1]
  .text            ro code  0x00000d54   0x178  main.o [1]
  .text            ro code  0x00000ecc    0x1a  U32ToDbl.o [4]
  .text            ro code  0x00000ee6     0x2  cstartup_M.o [1]
  .text            ro code  0x00000ee8    0xe2  DblSub.o [4]
  .text            ro code  0x00000fca     0x2  cstartup_M.o [1]
  .text            ro code  0x00000fcc    0x68  DblToFlt.o [4]
  .text            ro code  0x00001034   0x168  DblAdd.o [4]
  .text            ro code  0x0000119c    0x40  zero_init3.o [5]
  .text            ro code  0x000011dc    0x28  data_init.o [5]
  .text            ro code  0x00001204    0x22  fpinit_M.o [4]
  .iar.init_table  const    0x00001228    0x10  - Linker created -
  .text            ro code  0x00001238     0x2  cstartup_M.o [1]
  .rodata          const    0x0000123c    0x20  SSD2119.o [1]
  .text            ro code  0x0000125c    0x1a  cmain.o [5]
  .text            ro code  0x00001276     0x4  low_level_init.o [3]
  .text            ro code  0x0000127a     0x4  exit.o [3]
  .text            ro code  0x0000127e     0x2  cstartup_M.o [1]
  .text            ro code  0x00001280     0xa  cexit.o [5]
  .text            ro code  0x0000128a     0x2  cstartup_M.o [1]
  .text            ro code  0x0000128c    0x14  exit.o [6]
  .text            ro code  0x000012a0    0x10  cstartup_M.o [1]
  .rodata          const    0x000012b0     0x8  SSD2119.o [1]
  .text            ro code  0x000012b8     0x2  cstartup_M.o [1]
  .text            ro code  0x000012ba     0x2  cstartup_M.o [1]
  .text            ro code  0x000012bc     0x2  cstartup_M.o [1]
  .rodata          const    0x000012be     0x0  zero_init3.o [5]
                          - 0x000012be  0x122e

"P2", part 1 of 2:                         0xc
  .bss             zero     0x20000000     0x4  main.o [1]
  .bss             zero     0x20000004     0x2  SSD2119.o [1]
  .bss             zero     0x20000006     0x2  SSD2119.o [1]
  .bss             zero     0x20000008     0x2  SSD2119.o [1]
                          - 0x2000000a     0xa

"P2", part 2 of 2:                      0x1000
  CSTACK                    0x20000010  0x1000  <Block>
    CSTACK         uninit   0x20000010  0x1000  <Block tail>
                          - 0x20001010  0x1000


*******************************************************************************
*** INIT TABLE
***

          Address     Size
          -------     ----
Zero (__iar_zero_init3)
    1 destination range, total size 0xa:
          0x20000000   0xa



*******************************************************************************
*** MODULE SUMMARY
***

    Module            ro code  ro data  rw data
    ------            -------  -------  -------
D:\Users\User\Documents\UW ME\cse474(embedded system)\lab\lab4\task2\Debug\Obj: [1]
    SSD2119.o           1 784      520        6
    cstartup_M.o           36      144
    main.o                376                 4
    -------------------------------------------
    Total:              2 196      664       10

command line: [2]
    -------------------------------------------
    Total:

dl7M_tln.a: [3]
    exit.o                  4
    low_level_init.o        4
    -------------------------------------------
    Total:                  8

m7M_tls.a: [4]
    DblAdd.o              360
    DblDiv.o              582
    DblMul.o              418
    DblSub.o              226
    DblToFlt.o            104
    U32ToDbl.o             26
    fpinit_M.o             34
    -------------------------------------------
    Total:              1 750

rt7M_tl.a: [5]
    cexit.o                10
    cmain.o                26
    data_init.o            40
    zero_init3.o           64
    -------------------------------------------
    Total:                140

shb_l.a: [6]
    exit.o                 20
    -------------------------------------------
    Total:                 20

    Gaps                             4
    Linker created                  16    4 096
-----------------------------------------------
    Grand Total:        4 114      684    4 106


*******************************************************************************
*** ENTRY LIST
***

Entry                      Address   Size  Type      Object
-----                      -------   ----  ----      ------
.iar.init_table$$Base   0x00001228          --   Gb  - Linker created -
.iar.init_table$$Limit  0x00001238          --   Gb  - Linker created -
?main                   0x0000125d         Code  Gb  cmain.o [5]
ADC0_Handler            0x00000e23   0x56  Code  Gb  main.o [1]
ASCII                   0x000009d0  0x1e0  Data  Lc  SSD2119.o [1]
CSTACK$$Base            0x20000010          --   Gb  - Linker created -
CSTACK$$Limit           0x20001010          --   Gb  - Linker created -
LCD_DrawPixel           0x00000735   0x34  Code  Gb  SSD2119.o [1]
LCD_GPIOInit            0x00000091   0x98  Code  Gb  SSD2119.o [1]
LCD_Init                0x000001db  0x1a2  Code  Gb  SSD2119.o [1]
LCD_PrintBinary         0x00000649   0x8c  Code  Gb  SSD2119.o [1]
LCD_PrintChar           0x0000039d   0xd0  Code  Gb  SSD2119.o [1]
LCD_PrintFloat          0x000006d5   0x32  Code  Gb  SSD2119.o [1]
LCD_PrintHex            0x000005d9   0x70  Code  Gb  SSD2119.o [1]
LCD_PrintInteger        0x00000579   0x60  Code  Gb  SSD2119.o [1]
LCD_PrintString         0x0000046d   0x1c  Code  Gb  SSD2119.o [1]
LCD_SetCursor           0x00000489    0xe  Code  Gb  SSD2119.o [1]
LCD_SetTextColor        0x00000497   0x14  Code  Gb  SSD2119.o [1]
LCD_WriteCommand        0x00000129   0x56  Code  Gb  SSD2119.o [1]
LCD_WriteData           0x0000017f   0x5c  Code  Gb  SSD2119.o [1]
Region$$Table$$Base     0x00001228          --   Gb  - Linker created -
Region$$Table$$Limit    0x00001238          --   Gb  - Linker created -
__aeabi_d2f             0x00000fcd         Code  Gb  DblToFlt.o [4]
__aeabi_ddiv            0x00000789         Code  Gb  DblDiv.o [4]
__aeabi_dmul            0x00000bb1         Code  Gb  DblMul.o [4]
__aeabi_dsub            0x00000ee9         Code  Gb  DblSub.o [4]
__aeabi_ui2d            0x00000ecd         Code  Gb  U32ToDbl.o [4]
__cmain                 0x0000125d         Code  Gb  cmain.o [5]
__exit                  0x0000128d   0x14  Code  Gb  exit.o [6]
__iar_dadd              0x00000ef9         Code  Gb  DblSub.o [4]
__iar_data_init3        0x000011dd   0x28  Code  Gb  data_init.o [5]
__iar_dsub              0x00001035         Code  Gb  DblAdd.o [4]
__iar_dsubStart         0x00001047         Code  Gb  DblAdd.o [4]
__iar_init_vfp          0x00001205         Code  Gb  fpinit_M.o [4]
__iar_program_start     0x000012a1   0x10  Code  Gb  cstartup_M.o [1]
__iar_systems$$module {Abs}
                        0x00000001         Data  Gb  command line/config [2]
__iar_zero_init3        0x0000119d   0x40  Code  Gb  zero_init3.o [5]
__low_level_init        0x00001277    0x4  Code  Gb  low_level_init.o [3]
__vector_table          0x00000000   0x90  Data  Gb  cstartup_M.o [1]
_call_main              0x00001269         Code  Gb  cmain.o [5]
_exit                   0x00001281         Code  Gb  cexit.o [5]
_main                   0x00001273         Code  Gb  cmain.o [5]
adc_init                0x00000da1   0x82  Code  Gb  main.o [1]
convertColor            0x0000037d   0x20  Code  Gb  SSD2119.o [1]
cursorX                 0x20000004    0x2  Data  Gb  SSD2119.o [1]
cursorY                 0x20000006    0x2  Data  Gb  SSD2119.o [1]
exit                    0x0000127b    0x4  Code  Gb  exit.o [3]
main                    0x00000d55   0x10  Code  Gb  main.o [1]
printf                  0x000004ab   0xce  Code  Gb  SSD2119.o [1]
temp                    0x20000000    0x4  Data  Gb  main.o [1]
textColor               0x20000008    0x2  Data  Gb  SSD2119.o [1]
timer_init              0x00000d65   0x3c  Code  Gb  main.o [1]


[1] = D:\Users\User\Documents\UW ME\cse474(embedded system)\lab\lab4\task2\Debug\Obj
[2] = command line
[3] = dl7M_tln.a
[4] = m7M_tls.a
[5] = rt7M_tl.a
[6] = shb_l.a

  4 114 bytes of readonly  code memory
    684 bytes of readonly  data memory
  4 106 bytes of readwrite data memory

Errors: none
Warnings: none
