###############################################################################
#
# IAR ELF Linker V8.11.3.13950/W32 for ARM                05/Nov/2019  13:52:20
# Copyright 2007-2017 IAR Systems AB.
#
#    Output file  =  
#        D:\Users\User\Documents\UW ME\cse474(embedded
#        system)\lab\lab2\task2.1\Debug\Exe\timer_interrupt.out
#    Map file     =  
#        D:\Users\User\Documents\UW ME\cse474(embedded
#        system)\lab\lab2\task2.1\Debug\List\timer_interrupt.map
#    Command line =  
#        -f C:\Users\User\AppData\Local\Temp\EW5FEC.tmp
#        ("D:\Users\User\Documents\UW ME\cse474(embedded
#        system)\lab\lab2\task2.1\Debug\Obj\cstartup_M.o"
#        "D:\Users\User\Documents\UW ME\cse474(embedded
#        system)\lab\lab2\task2.1\Debug\Obj\main.o" -o
#        "D:\Users\User\Documents\UW ME\cse474(embedded
#        system)\lab\lab2\task2.1\Debug\Exe\timer_interrupt.out" --redirect
#        _Printf=_PrintfFullNoMb --redirect _Scanf=_ScanfFullNoMb --map
#        "D:\Users\User\Documents\UW ME\cse474(embedded
#        system)\lab\lab2\task2.1\Debug\List\timer_interrupt.map" --config
#        "D:\Program Files (x86)\IAR Systems\Embedded Workbench
#        8.0\arm\config\linker\TexasInstruments\TM4C123GH6.icf" --semihosting
#        --entry __iar_program_start --vfe --text_out locale)
#
###############################################################################

*******************************************************************************
*** RUNTIME MODEL ATTRIBUTES
***

CppFlavor       = *
__SystemLibrary = DLib
__dlib_version  = 6


*******************************************************************************
*** HEAP SELECTION
***

The basic heap was selected because some modules are built with
size limitations (and not runtime checking), and --advanced_heap
was not specified.


*******************************************************************************
*** PLACEMENT SUMMARY
***

"A0":  place at 0x00000000 { ro section .intvec };
"P1":  place in [from 0x00000000 to 0x0003ffff] { ro };
define block CSTACK with size = 4K, alignment = 8 { };
define block HEAP with size = 8K, alignment = 8 { };
"P2":  place in [from 0x20000000 to 0x20007fff] {
          rw, block CSTACK, block HEAP };

  Section          Kind        Address    Size  Object
  -------          ----        -------    ----  ------
"A0":                                     0x90
  .intvec          const    0x00000000    0x90  cstartup_M.o [1]
                          - 0x00000090    0x90

"P1":                                    0x23c
  .text            ro code  0x00000090   0x13c  main.o [1]
  .text            ro code  0x000001cc    0x40  zero_init3.o [5]
  .text            ro code  0x0000020c    0x28  data_init.o [5]
  .text            ro code  0x00000234    0x22  fpinit_M.o [4]
  .iar.init_table  const    0x00000258    0x10  - Linker created -
  .text            ro code  0x00000268     0x2  cstartup_M.o [1]
  .text            ro code  0x0000026c    0x1a  cmain.o [5]
  .text            ro code  0x00000286     0x4  low_level_init.o [3]
  .text            ro code  0x0000028a     0x4  exit.o [3]
  .text            ro code  0x0000028e     0x2  cstartup_M.o [1]
  .text            ro code  0x00000290     0xa  cexit.o [5]
  .text            ro code  0x0000029a     0x2  cstartup_M.o [1]
  .text            ro code  0x0000029c    0x14  exit.o [6]
  .text            ro code  0x000002b0    0x10  cstartup_M.o [1]
  .text            ro code  0x000002c0     0x2  cstartup_M.o [1]
  .text            ro code  0x000002c2     0x2  cstartup_M.o [1]
  .text            ro code  0x000002c4     0x2  cstartup_M.o [1]
  .text            ro code  0x000002c6     0x2  cstartup_M.o [1]
  .text            ro code  0x000002c8     0x2  cstartup_M.o [1]
  .text            ro code  0x000002ca     0x2  cstartup_M.o [1]
  .rodata          const    0x000002cc     0x0  zero_init3.o [5]
                          - 0x000002cc   0x23c

"P2", part 1 of 2:                         0x4
  .bss             zero     0x20000000     0x4  main.o [1]
                          - 0x20000004     0x4

"P2", part 2 of 2:                      0x1000
  CSTACK                    0x20000008  0x1000  <Block>
    CSTACK         uninit   0x20000008  0x1000  <Block tail>
                          - 0x20001008  0x1000


*******************************************************************************
*** INIT TABLE
***

          Address     Size
          -------     ----
Zero (__iar_zero_init3)
    1 destination range, total size 0x4:
          0x20000000   0x4



*******************************************************************************
*** MODULE SUMMARY
***

    Module            ro code  ro data  rw data
    ------            -------  -------  -------
D:\Users\User\Documents\UW ME\cse474(embedded system)\lab\lab2\task2.1\Debug\Obj: [1]
    cstartup_M.o           34      144
    main.o                316                 4
    -------------------------------------------
    Total:                350      144        4

command line: [2]
    -------------------------------------------
    Total:

dl7M_tln.a: [3]
    exit.o                  4
    low_level_init.o        4
    -------------------------------------------
    Total:                  8

m7M_tls.a: [4]
    fpinit_M.o             34
    -------------------------------------------
    Total:                 34

rt7M_tl.a: [5]
    cexit.o                10
    cmain.o                26
    data_init.o            40
    zero_init3.o           64
    -------------------------------------------
    Total:                140

shb_l.a: [6]
    exit.o                 20
    -------------------------------------------
    Total:                 20

    Gaps                    2        2
    Linker created                  16    4 096
-----------------------------------------------
    Grand Total:          554      162    4 100


*******************************************************************************
*** ENTRY LIST
***

Entry                      Address  Size  Type      Object
-----                      -------  ----  ----      ------
.iar.init_table$$Base   0x00000258         --   Gb  - Linker created -
.iar.init_table$$Limit  0x00000268         --   Gb  - Linker created -
?main                   0x0000026d        Code  Gb  cmain.o [5]
CSTACK$$Base            0x20000008         --   Gb  - Linker created -
CSTACK$$Limit           0x20001008         --   Gb  - Linker created -
Region$$Table$$Base     0x00000258         --   Gb  - Linker created -
Region$$Table$$Limit    0x00000268         --   Gb  - Linker created -
Timer_Handler           0x00000101  0x18  Code  Gb  main.o [1]
__cmain                 0x0000026d        Code  Gb  cmain.o [5]
__exit                  0x0000029d  0x14  Code  Gb  exit.o [6]
__iar_data_init3        0x0000020d  0x28  Code  Gb  data_init.o [5]
__iar_init_vfp          0x00000235        Code  Gb  fpinit_M.o [4]
__iar_program_start     0x000002b1  0x10  Code  Gb  cstartup_M.o [1]
__iar_systems$$module {Abs}
                        0x00000001        Data  Gb  command line/config [2]
__iar_zero_init3        0x000001cd  0x40  Code  Gb  zero_init3.o [5]
__low_level_init        0x00000287   0x4  Code  Gb  low_level_init.o [3]
__vector_table          0x00000000  0x90  Data  Gb  cstartup_M.o [1]
_call_main              0x00000279        Code  Gb  cmain.o [5]
_exit                   0x00000291        Code  Gb  cexit.o [5]
_main                   0x00000283        Code  Gb  cmain.o [5]
colorful                0x0000012d  0x66  Code  Gb  main.o [1]
exit                    0x0000028b   0x4  Code  Gb  exit.o [3]
flags                   0x20000000   0x4  Data  Gb  main.o [1]
main                    0x00000091  0x1c  Code  Gb  main.o [1]
portf_init              0x00000119  0x14  Code  Gb  main.o [1]
timer_config            0x000000ad  0x54  Code  Gb  main.o [1]


[1] = D:\Users\User\Documents\UW ME\cse474(embedded system)\lab\lab2\task2.1\Debug\Obj
[2] = command line
[3] = dl7M_tln.a
[4] = m7M_tls.a
[5] = rt7M_tl.a
[6] = shb_l.a

    554 bytes of readonly  code memory
    162 bytes of readonly  data memory
  4 100 bytes of readwrite data memory

Errors: none
Warnings: none
