###############################################################################
#
# IAR ELF Linker V8.11.3.13950/W32 for ARM                13/Nov/2019  12:04:40
# Copyright 2007-2017 IAR Systems AB.
#
#    Output file  =  
#        D:\Users\User\Documents\UW ME\cse474(embedded
#        system)\lab\lab4\task1\Debug\Exe\lcd_driver.out
#    Map file     =  
#        D:\Users\User\Documents\UW ME\cse474(embedded
#        system)\lab\lab4\task1\Debug\List\lcd_driver.map
#    Command line =  
#        -f C:\Users\User\AppData\Local\Temp\EWFA08.tmp
#        ("D:\Users\User\Documents\UW ME\cse474(embedded
#        system)\lab\lab4\task1\Debug\Obj\main.o" "D:\Users\User\Documents\UW
#        ME\cse474(embedded system)\lab\lab4\task1\Debug\Obj\SSD2119.o" -o
#        "D:\Users\User\Documents\UW ME\cse474(embedded
#        system)\lab\lab4\task1\Debug\Exe\lcd_driver.out" --redirect
#        _Printf=_PrintfFullNoMb --redirect _Scanf=_ScanfFullNoMb --map
#        "D:\Users\User\Documents\UW ME\cse474(embedded
#        system)\lab\lab4\task1\Debug\List\lcd_driver.map" --config "D:\Program
#        Files (x86)\IAR Systems\Embedded Workbench
#        8.0\arm\config\linker\TexasInstruments\TM4C123GH6.icf" --semihosting
#        --entry __iar_program_start --vfe --text_out locale)
#
###############################################################################

*******************************************************************************
*** RUNTIME MODEL ATTRIBUTES
***

CppFlavor       = *
__SystemLibrary = DLib
__dlib_version  = 6


*******************************************************************************
*** HEAP SELECTION
***

The basic heap was selected because some modules are built with
size limitations (and not runtime checking), and --advanced_heap
was not specified.


*******************************************************************************
*** PLACEMENT SUMMARY
***

"A0":  place at 0x00000000 { ro section .intvec };
"P1":  place in [from 0x00000000 to 0x0003ffff] { ro };
define block CSTACK with size = 4K, alignment = 8 { };
define block HEAP with size = 8K, alignment = 8 { };
"P2":  place in [from 0x20000000 to 0x20007fff] {
          rw, block CSTACK, block HEAP };

  Section          Kind        Address    Size  Object
  -------          ----        -------    ----  ------
"A0":                                     0x40
  .intvec          ro code  0x00000000    0x40  vector_table_M.o [5]
                          - 0x00000040    0x40

"P1":                                    0x4d4
  .text            ro code  0x00000040   0x3d8  SSD2119.o [1]
  .text            ro code  0x00000418    0x40  zero_init3.o [5]
  .text            ro code  0x00000458    0x28  data_init.o [5]
  .text            ro code  0x00000480    0x22  fpinit_M.o [4]
  .iar.init_table  const    0x000004a4    0x10  - Linker created -
  .text            ro code  0x000004b4     0x2  vector_table_M.o [5]
  .text            ro code  0x000004b8    0x1a  cmain.o [5]
  .text            ro code  0x000004d2     0x4  low_level_init.o [3]
  .text            ro code  0x000004d6     0xe  main.o [1]
  .text            ro code  0x000004e4     0x4  exit.o [3]
  .text            ro code  0x000004e8     0xa  cexit.o [5]
  .text            ro code  0x000004f4    0x14  exit.o [6]
  .text            ro code  0x00000508     0xc  cstartup_M.o [5]
  .rodata          const    0x00000514     0x0  zero_init3.o [5]
                          - 0x00000514   0x4d4

"P2", part 1 of 2:                         0x8
  .bss             zero     0x20000000     0x2  SSD2119.o [1]
  .bss             zero     0x20000002     0x2  SSD2119.o [1]
  .bss             zero     0x20000004     0x2  SSD2119.o [1]
                          - 0x20000006     0x6

"P2", part 2 of 2:                      0x1000
  CSTACK                    0x20000008  0x1000  <Block>
    CSTACK         uninit   0x20000008  0x1000  <Block tail>
                          - 0x20001008  0x1000


*******************************************************************************
*** INIT TABLE
***

          Address     Size
          -------     ----
Zero (__iar_zero_init3)
    1 destination range, total size 0x6:
          0x20000000   0x6



*******************************************************************************
*** MODULE SUMMARY
***

    Module            ro code  ro data  rw data
    ------            -------  -------  -------
D:\Users\User\Documents\UW ME\cse474(embedded system)\lab\lab4\task1\Debug\Obj: [1]
    SSD2119.o             984                 6
    main.o                 14
    -------------------------------------------
    Total:                998                 6

command line: [2]
    -------------------------------------------
    Total:

dl7M_tln.a: [3]
    exit.o                  4
    low_level_init.o        4
    -------------------------------------------
    Total:                  8

m7M_tls.a: [4]
    fpinit_M.o             34
    -------------------------------------------
    Total:                 34

rt7M_tl.a: [5]
    cexit.o                10
    cmain.o                26
    cstartup_M.o           12
    data_init.o            40
    vector_table_M.o       66
    zero_init3.o           64
    -------------------------------------------
    Total:                218

shb_l.a: [6]
    exit.o                 20
    -------------------------------------------
    Total:                 20

    Gaps                    4        2
    Linker created                  16    4 096
-----------------------------------------------
    Grand Total:        1 282       18    4 102


*******************************************************************************
*** ENTRY LIST
***

Entry                      Address   Size  Type      Object
-----                      -------   ----  ----      ------
.iar.init_table$$Base   0x000004a4          --   Gb  - Linker created -
.iar.init_table$$Limit  0x000004b4          --   Gb  - Linker created -
?main                   0x000004b9         Code  Gb  cmain.o [5]
CSTACK$$Base            0x20000008          --   Gb  - Linker created -
CSTACK$$Limit           0x20001008          --   Gb  - Linker created -
LCD_ColorFill           0x0000034d   0x16  Code  Gb  SSD2119.o [1]
LCD_DrawFilledRect      0x000003a5   0x60  Code  Gb  SSD2119.o [1]
LCD_GPIOInit            0x00000041   0x98  Code  Gb  SSD2119.o [1]
LCD_Init                0x0000018b  0x1a2  Code  Gb  SSD2119.o [1]
LCD_SetCursor           0x00000363    0xe  Code  Gb  SSD2119.o [1]
LCD_SetTextColor        0x00000371   0x14  Code  Gb  SSD2119.o [1]
LCD_WriteCommand        0x000000d9   0x56  Code  Gb  SSD2119.o [1]
LCD_WriteData           0x0000012f   0x5c  Code  Gb  SSD2119.o [1]
Region$$Table$$Base     0x000004a4          --   Gb  - Linker created -
Region$$Table$$Limit    0x000004b4          --   Gb  - Linker created -
__cmain                 0x000004b9         Code  Gb  cmain.o [5]
__exit                  0x000004f5   0x14  Code  Gb  exit.o [6]
__iar_data_init3        0x00000459   0x28  Code  Gb  data_init.o [5]
__iar_init_vfp          0x00000481         Code  Gb  fpinit_M.o [4]
__iar_program_start     0x00000509         Code  Gb  cstartup_M.o [5]
__iar_systems$$module {Abs}
                        0x00000001         Data  Gb  command line/config [2]
__iar_zero_init3        0x00000419   0x40  Code  Gb  zero_init3.o [5]
__low_level_init        0x000004d3    0x4  Code  Gb  low_level_init.o [3]
__vector_table          0x00000000         Data  Gb  vector_table_M.o [5]
_call_main              0x000004c5         Code  Gb  cmain.o [5]
_exit                   0x000004e9         Code  Gb  cexit.o [5]
_main                   0x000004cf         Code  Gb  cmain.o [5]
convertColor            0x0000032d   0x20  Code  Gb  SSD2119.o [1]
cursorX                 0x20000000    0x2  Data  Gb  SSD2119.o [1]
cursorY                 0x20000002    0x2  Data  Gb  SSD2119.o [1]
exit                    0x000004e5    0x4  Code  Gb  exit.o [3]
main                    0x000004d7    0xe  Code  Gb  main.o [1]
textColor               0x20000004    0x2  Data  Gb  SSD2119.o [1]


[1] = D:\Users\User\Documents\UW ME\cse474(embedded system)\lab\lab4\task1\Debug\Obj
[2] = command line
[3] = dl7M_tln.a
[4] = m7M_tls.a
[5] = rt7M_tl.a
[6] = shb_l.a

  1 282 bytes of readonly  code memory
     18 bytes of readonly  data memory
  4 102 bytes of readwrite data memory

Errors: none
Warnings: none
