###############################################################################
#
# IAR ELF Linker V8.11.3.13950/W32 for ARM                07/Nov/2019  15:23:43
# Copyright 2007-2017 IAR Systems AB.
#
#    Output file  =  
#        D:\Users\User\Documents\UW ME\cse474(embedded
#        system)\lab\lab3\task1\Debug\Exe\adc_interrupt.out
#    Map file     =  
#        D:\Users\User\Documents\UW ME\cse474(embedded
#        system)\lab\lab3\task1\Debug\List\adc_interrupt.map
#    Command line =  
#        -f C:\Users\User\AppData\Local\Temp\EWDDD7.tmp
#        ("D:\Users\User\Documents\UW ME\cse474(embedded
#        system)\lab\lab3\task1\Debug\Obj\cstartup_M.o"
#        "D:\Users\User\Documents\UW ME\cse474(embedded
#        system)\lab\lab3\task1\Debug\Obj\main.o" -o
#        "D:\Users\User\Documents\UW ME\cse474(embedded
#        system)\lab\lab3\task1\Debug\Exe\adc_interrupt.out" --redirect
#        _Printf=_PrintfFullNoMb --redirect _Scanf=_ScanfFullNoMb --map
#        "D:\Users\User\Documents\UW ME\cse474(embedded
#        system)\lab\lab3\task1\Debug\List\adc_interrupt.map" --config
#        "D:\Program Files (x86)\IAR Systems\Embedded Workbench
#        8.0\arm\config\linker\TexasInstruments\TM4C123GH6.icf" --semihosting
#        --entry __iar_program_start --vfe --text_out locale)
#
###############################################################################

*******************************************************************************
*** RUNTIME MODEL ATTRIBUTES
***

CppFlavor       = *
__SystemLibrary = DLib
__dlib_version  = 6


*******************************************************************************
*** HEAP SELECTION
***

The basic heap was selected because some modules are built with
size limitations (and not runtime checking), and --advanced_heap
was not specified.


*******************************************************************************
*** PLACEMENT SUMMARY
***

"A0":  place at 0x00000000 { ro section .intvec };
"P1":  place in [from 0x00000000 to 0x0003ffff] { ro };
define block CSTACK with size = 4K, alignment = 8 { };
define block HEAP with size = 8K, alignment = 8 { };
"P2":  place in [from 0x20000000 to 0x20007fff] {
          rw, block CSTACK, block HEAP };

  Section          Kind        Address    Size  Object
  -------          ----        -------    ----  ------
"A0":                                     0x90
  .intvec          const    0x00000000    0x90  cstartup_M.o [1]
                          - 0x00000090    0x90

"P1":                                   0x1e96
  .text            ro code  0x00000090   0xdd6  xprintffull_nomb.o [3]
  .text            ro code  0x00000e66     0xa  xsprout.o [3]
  .text            ro code  0x00000e70    0x16  strchr.o [5]
  .text            ro code  0x00000e86     0x2  cstartup_M.o [1]
  .text            ro code  0x00000e88    0x44  xfail_s.o [3]
  .text            ro code  0x00000ecc    0x36  strlen.o [5]
  .text            ro code  0x00000f02     0x2  cstartup_M.o [1]
  .text            ro code  0x00000f04    0x58  memchr.o [5]
  .text            ro code  0x00000f5c    0xee  I64DivMod.o [5]
  .text            ro code  0x0000104a     0x2  cstartup_M.o [1]
  .text            ro code  0x0000104c   0x1a2  DblMul.o [4]
  .text            ro code  0x000011ee     0x2  cstartup_M.o [1]
  .text            ro code  0x000011f0    0x76  ABImemcpy_unaligned.o [5]
  .text            ro code  0x00001266     0x2  cstartup_M.o [1]
  .text            ro code  0x00001268    0x70  frexp.o [4]
  .text            ro code  0x000012d8    0x2e  DblCmpLe.o [4]
  .text            ro code  0x00001306     0x2  cstartup_M.o [1]
  .text            ro code  0x00001308    0x2e  DblCmpGe.o [4]
  .text            ro code  0x00001336     0x2  cstartup_M.o [1]
  .text            ro code  0x00001338   0x13a  ldexp.o [4]
  .text            ro code  0x00001472     0x2  cstartup_M.o [1]
  .text            ro code  0x00001474    0x3a  DblToS32.o [4]
  .text            ro code  0x000014ae     0x2  cstartup_M.o [1]
  .text            ro code  0x000014b0    0x22  S32ToDbl.o [4]
  .text            ro code  0x000014d2     0x2  cstartup_M.o [1]
  .text            ro code  0x000014d4    0xe2  DblSub.o [4]
  .text            ro code  0x000015b8   0x246  DblDiv.o [4]
  .text            ro code  0x00001800    0x28  DblToU32.o [4]
  .text            ro code  0x00001828    0x1a  U32ToDbl.o [4]
  .text            ro code  0x00001842     0x6  abort.o [3]
  .text            ro code  0x00001848     0x2  I64DivZer.o [5]
  .text            ro code  0x0000184c   0x168  DblAdd.o [4]
  .text            ro code  0x000019b4    0x14  exit.o [6]
  .text            ro code  0x000019c8   0x444  main.o [1]
  .text            ro code  0x00001e0c    0x40  sprintf.o [3]
  .text            ro code  0x00001e4c    0x40  zero_init3.o [5]
  .text            ro code  0x00001e8c    0x28  data_init.o [5]
  .text            ro code  0x00001eb4    0x22  fpinit_M.o [4]
  .iar.init_table  const    0x00001ed8    0x10  - Linker created -
  .text            ro code  0x00001ee8    0x1a  cmain.o [5]
  .text            ro code  0x00001f02     0x4  low_level_init.o [3]
  .text            ro code  0x00001f06     0x4  exit.o [3]
  .text            ro code  0x00001f0c     0xa  cexit.o [5]
  .text            ro code  0x00001f16    0x10  cstartup_M.o [1]
  .rodata          const    0x00001f26     0x0  zero_init3.o [5]
                          - 0x00001f26  0x1e96

"P2", part 1 of 2:                         0xc
  .bss             zero     0x20000000     0x8  main.o [1]
  .bss             zero     0x20000008     0x4  xfail_s.o [3]
                          - 0x2000000c     0xc

"P2", part 2 of 2:                      0x1000
  CSTACK                    0x20000010  0x1000  <Block>
    CSTACK         uninit   0x20000010  0x1000  <Block tail>
                          - 0x20001010  0x1000


*******************************************************************************
*** INIT TABLE
***

          Address     Size
          -------     ----
Zero (__iar_zero_init3)
    1 destination range, total size 0xc:
          0x20000000   0xc



*******************************************************************************
*** MODULE SUMMARY
***

    Module                 ro code  ro data  rw data
    ------                 -------  -------  -------
D:\Users\User\Documents\UW ME\cse474(embedded system)\lab\lab3\task1\Debug\Obj: [1]
    cstartup_M.o                36      144
    main.o                   1 092                 8
    ------------------------------------------------
    Total:                   1 128      144        8

command line: [2]
    ------------------------------------------------
    Total:

dl7M_tln.a: [3]
    abort.o                      6
    exit.o                       4
    low_level_init.o             4
    sprintf.o                   64
    xfail_s.o                   68                 4
    xprintffull_nomb.o       3 542
    xsprout.o                   10
    ------------------------------------------------
    Total:                   3 698                 4

m7M_tls.a: [4]
    DblAdd.o                   360
    DblCmpGe.o                  46
    DblCmpLe.o                  46
    DblDiv.o                   582
    DblMul.o                   418
    DblSub.o                   226
    DblToS32.o                  58
    DblToU32.o                  40
    S32ToDbl.o                  34
    U32ToDbl.o                  26
    fpinit_M.o                  34
    frexp.o                    112
    ldexp.o                    314
    ------------------------------------------------
    Total:                   2 296

rt7M_tl.a: [5]
    ABImemcpy_unaligned.o      118
    I64DivMod.o                238
    I64DivZer.o                  2
    cexit.o                     10
    cmain.o                     26
    data_init.o                 40
    memchr.o                    88
    strchr.o                    22
    strlen.o                    54
    zero_init3.o                64
    ------------------------------------------------
    Total:                     662

shb_l.a: [6]
    exit.o                      20
    ------------------------------------------------
    Total:                      20

    Gaps                         8        2
    Linker created                       16    4 096
----------------------------------------------------
    Grand Total:             7 812      162    4 108


*******************************************************************************
*** ENTRY LIST
***

Entry                      Address   Size  Type      Object
-----                      -------   ----  ----      ------
.iar.init_table$$Base   0x00001ed8          --   Gb  - Linker created -
.iar.init_table$$Limit  0x00001ee8          --   Gb  - Linker created -
?main                   0x00001ee9         Code  Gb  cmain.o [5]
ADC0_Handler            0x00001bdb   0x5e  Code  Gb  main.o [1]
CSTACK$$Base            0x20000010          --   Gb  - Linker created -
CSTACK$$Limit           0x20001010          --   Gb  - Linker created -
LoadInt                 0x0000022f   0x7a  Code  Lc  xprintffull_nomb.o [3]
Region$$Table$$Base     0x00001ed8          --   Gb  - Linker created -
Region$$Table$$Limit    0x00001ee8          --   Gb  - Linker created -
_GenldFullNoMb          0x00000b93  0x248  Code  Lc  xprintffull_nomb.o [3]
_LdtobFullNoMb          0x00000777  0x3f0  Code  Lc  xprintffull_nomb.o [3]
_LitobFullNoMb          0x0000061b  0x116  Code  Lc  xprintffull_nomb.o [3]
_PrintfFullNoMb         0x00000091  0x190  Code  Gb  xprintffull_nomb.o [3]
_PutcharsFullNoMb       0x00000ddb   0x2e  Code  Lc  xprintffull_nomb.o [3]
_PutfldFullNoMb         0x000002a9  0x264  Code  Lc  xprintffull_nomb.o [3]
_PuttxtFullNoMb         0x0000050d  0x10e  Code  Lc  xprintffull_nomb.o [3]
_SProut                 0x00000e67    0xa  Code  Gb  xsprout.o [3]
__aeabi_cdcmple         0x000012d9         Code  Gb  DblCmpLe.o [4]
__aeabi_cdrcmple        0x00001309         Code  Gb  DblCmpGe.o [4]
__aeabi_d2iz            0x00001475         Code  Gb  DblToS32.o [4]
__aeabi_d2uiz           0x00001801         Code  Gb  DblToU32.o [4]
__aeabi_ddiv            0x000015b9         Code  Gb  DblDiv.o [4]
__aeabi_dmul            0x0000104d         Code  Gb  DblMul.o [4]
__aeabi_dsub            0x000014d5         Code  Gb  DblSub.o [4]
__aeabi_i2d             0x000014b1         Code  Gb  S32ToDbl.o [4]
__aeabi_ldiv0           0x00001849         Code  Gb  I64DivZer.o [5]
__aeabi_ui2d            0x00001829         Code  Gb  U32ToDbl.o [4]
__aeabi_uldivmod        0x00000f5d         Code  Gb  I64DivMod.o [5]
__cmain                 0x00001ee9         Code  Gb  cmain.o [5]
__exit                  0x000019b5   0x14  Code  Gb  exit.o [6]
__iar_Fail_s            0x00000e89   0x1e  Code  Gb  xfail_s.o [3]
__iar_Memchr            0x00000f05         Code  Gb  memchr.o [5]
__iar_Strchr            0x00000e71         Code  Gb  strchr.o [5]
__iar_dadd              0x000014e5         Code  Gb  DblSub.o [4]
__iar_data_init3        0x00001e8d   0x28  Code  Gb  data_init.o [5]
__iar_dsub              0x0000184d         Code  Gb  DblAdd.o [4]
__iar_dsubStart         0x0000185f         Code  Gb  DblAdd.o [4]
__iar_frexp             0x00001275         Code  Gb  frexp.o [4]
__iar_frexpl            0x00001275         Code  Gb  frexp.o [4]
__iar_init_vfp          0x00001eb5         Code  Gb  fpinit_M.o [4]
__iar_ldexp64           0x00001339         Code  Gb  ldexp.o [4]
__iar_program_start     0x00001f17   0x10  Code  Gb  cstartup_M.o [1]
__iar_scalbln64         0x00001339         Code  Gb  ldexp.o [4]
__iar_scalbn64          0x00001339         Code  Gb  ldexp.o [4]
__iar_softfp___iar_frexp64
                        0x00001269         Code  Gb  frexp.o [4]
__iar_softfp_frexp      0x00001269         Code  Gb  frexp.o [4]
__iar_softfp_frexpl     0x00001269         Code  Gb  frexp.o [4]
__iar_systems$$module {Abs}
                        0x00000001         Data  Gb  command line/config [2]
__iar_unaligned_memcpy  0x000011f1         Code  Gb  ABImemcpy_unaligned.o [5]
__iar_unaligned_memcpy4
                        0x00001211         Code  Gb  ABImemcpy_unaligned.o [5]
__iar_unaligned_memcpy8
                        0x00001211         Code  Gb  ABImemcpy_unaligned.o [5]
__iar_zero_init3        0x00001e4d   0x40  Code  Gb  zero_init3.o [5]
__low_level_init        0x00001f03    0x4  Code  Gb  low_level_init.o [3]
__vector_table          0x00000000   0x90  Data  Gb  cstartup_M.o [1]
_call_main              0x00001ef5         Code  Gb  cmain.o [5]
_exit                   0x00001f0d         Code  Gb  cexit.o [5]
_main                   0x00001eff         Code  Gb  cmain.o [5]
abort                   0x00001843    0x6  Code  Gb  abort.o [3]
adc_init                0x00001ae9   0x90  Code  Gb  main.o [1]
check_press             0x000019e1  0x108  Code  Gb  main.o [1]
color                   0x00001c71   0x9e  Code  Gb  main.o [1]
exit                    0x00001f07    0x4  Code  Gb  exit.o [3]
ldexp                   0x00001339         Code  Gb  ldexp.o [4]
ldexpl                  0x00001339         Code  Gb  ldexp.o [4]
main                    0x000019c9   0x18  Code  Gb  main.o [1]
memchr                  0x00000f05         Code  Gb  memchr.o [5]
pll_init                0x00001b79   0x62  Code  Gb  main.o [1]
portf_init              0x00001d0f   0x14  Code  Gb  main.o [1]
print_putty             0x00001c39   0x38  Code  Gb  main.o [1]
scalbln                 0x00001339         Code  Gb  ldexp.o [4]
scalblnl                0x00001339         Code  Gb  ldexp.o [4]
scalbn                  0x00001339         Code  Gb  ldexp.o [4]
scalbnl                 0x00001339         Code  Gb  ldexp.o [4]
scale                   0x00000731   0x46  Code  Lc  xprintffull_nomb.o [3]
sec_hand                0x20000008    0x4  Data  Lc  xfail_s.o [3]
sprintf                 0x00001e0d   0x40  Code  Gb  sprintf.o [3]
strchr                  0x00000e71         Code  Gb  strchr.o [5]
strlen                  0x00000ecd         Code  Gb  strlen.o [5]
temp                    0x20000000    0x8  Data  Gb  main.o [1]
timer0_init             0x00001d23   0x48  Code  Gb  main.o [1]


[1] = D:\Users\User\Documents\UW ME\cse474(embedded system)\lab\lab3\task1\Debug\Obj
[2] = command line
[3] = dl7M_tln.a
[4] = m7M_tls.a
[5] = rt7M_tl.a
[6] = shb_l.a

  7 812 bytes of readonly  code memory
    162 bytes of readonly  data memory
  4 108 bytes of readwrite data memory

Errors: none
Warnings: none
