###############################################################################
#
# IAR ELF Linker V8.11.3.13950/W32 for ARM                27/Nov/2019  14:42:33
# Copyright 2007-2017 IAR Systems AB.
#
#    Output file  =  
#        D:\Users\User\Documents\UW ME\cse474(embedded
#        system)\lab\lab5\Debug\Exe\intelligent_parking.out
#    Map file     =  
#        D:\Users\User\Documents\UW ME\cse474(embedded
#        system)\lab\lab5\Debug\List\intelligent_parking.map
#    Command line =  
#        -f C:\Users\User\AppData\Local\Temp\EW22CE.tmp
#        ("D:\Users\User\Documents\UW ME\cse474(embedded
#        system)\lab\lab5\Debug\Obj\cstartup_M.o" "D:\Users\User\Documents\UW
#        ME\cse474(embedded system)\lab\lab5\Debug\Obj\main.o" -o
#        "D:\Users\User\Documents\UW ME\cse474(embedded
#        system)\lab\lab5\Debug\Exe\intelligent_parking.out" --redirect
#        _Printf=_PrintfFullNoMb --redirect _Scanf=_ScanfFullNoMb --map
#        "D:\Users\User\Documents\UW ME\cse474(embedded
#        system)\lab\lab5\Debug\List\intelligent_parking.map" --config
#        "D:\Program Files (x86)\IAR Systems\Embedded Workbench
#        8.0\arm\config\linker\TexasInstruments\TM4C123GH6.icf" --semihosting
#        --entry __iar_program_start --vfe --text_out locale)
#
###############################################################################

*******************************************************************************
*** RUNTIME MODEL ATTRIBUTES
***

CppFlavor       = *
__SystemLibrary = DLib
__dlib_version  = 6


*******************************************************************************
*** HEAP SELECTION
***

The basic heap was selected because some modules are built with
size limitations (and not runtime checking), and --advanced_heap
was not specified.


*******************************************************************************
*** PLACEMENT SUMMARY
***

"A0":  place at 0x00000000 { ro section .intvec };
"P1":  place in [from 0x00000000 to 0x0003ffff] { ro };
define block CSTACK with size = 4K, alignment = 8 { };
define block HEAP with size = 8K, alignment = 8 { };
"P2":  place in [from 0x20000000 to 0x20007fff] {
          rw, block CSTACK, block HEAP };
initialize by copy { rw };

  Section            Kind        Address    Size  Object
  -------            ----        -------    ----  ------
"A0":                                       0xbc
  .intvec            const    0x00000000    0xbc  cstartup_M.o [1]
                            - 0x000000bc    0xbc

"P1":                                      0x37c
  .text              ro code  0x000000bc   0x284  main.o [1]
  .text              ro code  0x00000340    0x2c  copy_init3.o [5]
  .text              ro code  0x0000036c    0x28  data_init.o [5]
  .text              ro code  0x00000394    0x22  fpinit_M.o [4]
  .iar.init_table    const    0x000003b8    0x14  - Linker created -
  .text              ro code  0x000003cc     0x2  cstartup_M.o [1]
  .text              ro code  0x000003d0    0x1a  cmain.o [5]
  .text              ro code  0x000003ea     0x4  low_level_init.o [3]
  .text              ro code  0x000003ee     0x4  exit.o [3]
  .text              ro code  0x000003f2     0x2  cstartup_M.o [1]
  .text              ro code  0x000003f4     0xa  cexit.o [5]
  .text              ro code  0x000003fe     0x2  cstartup_M.o [1]
  .text              ro code  0x00000400    0x14  exit.o [6]
  .text              ro code  0x00000414    0x10  cstartup_M.o [1]
  .text              ro code  0x00000424     0x2  cstartup_M.o [1]
  .text              ro code  0x00000426     0x2  cstartup_M.o [1]
  .text              ro code  0x00000428     0x2  cstartup_M.o [1]
  .text              ro code  0x0000042a     0x2  cstartup_M.o [1]
  .text              ro code  0x0000042c     0x2  cstartup_M.o [1]
  .text              ro code  0x0000042e     0x2  cstartup_M.o [1]
  .text              ro code  0x00000430     0x2  cstartup_M.o [1]
  Initializer bytes  const    0x00000434     0x4  <for P2-1>
  .rodata            const    0x00000438     0x0  copy_init3.o [5]
                            - 0x00000438   0x37c

"P2", part 1 of 2:                           0x4
  P2-1                        0x20000000     0x2  <Init block>
    .data            inited   0x20000000     0x2  main.o [1]
                            - 0x20000002     0x2

"P2", part 2 of 2:                        0x1000
  CSTACK                      0x20000008  0x1000  <Block>
    CSTACK           uninit   0x20000008  0x1000  <Block tail>
                            - 0x20001008  0x1000


*******************************************************************************
*** INIT TABLE
***

          Address     Size
          -------     ----
Copy (__iar_copy_init3)
    1 source range, total size 0x4 (200% of destination):
          0x00000434   0x4
    1 destination range, total size 0x2:
          0x20000000   0x2



*******************************************************************************
*** MODULE SUMMARY
***

    Module            ro code  ro data  rw data
    ------            -------  -------  -------
D:\Users\User\Documents\UW ME\cse474(embedded system)\lab\lab5\Debug\Obj: [1]
    cstartup_M.o           36      188
    main.o                644        2        2
    -------------------------------------------
    Total:                680      190        2

command line: [2]
    -------------------------------------------
    Total:

dl7M_tln.a: [3]
    exit.o                  4
    low_level_init.o        4
    -------------------------------------------
    Total:                  8

m7M_tls.a: [4]
    fpinit_M.o             34
    -------------------------------------------
    Total:                 34

rt7M_tl.a: [5]
    cexit.o                10
    cmain.o                26
    copy_init3.o           44
    data_init.o            40
    -------------------------------------------
    Total:                120

shb_l.a: [6]
    exit.o                 20
    -------------------------------------------
    Total:                 20

    Gaps                    2        2
    Linker created                  24    4 096
-----------------------------------------------
    Grand Total:          864      216    4 098


*******************************************************************************
*** ENTRY LIST
***

Entry                      Address  Size  Type      Object
-----                      -------  ----  ----      ------
.iar.init_table$$Base   0x000003b8         --   Gb  - Linker created -
.iar.init_table$$Limit  0x000003cc         --   Gb  - Linker created -
?main                   0x000003d1        Code  Gb  cmain.o [5]
CSTACK$$Base            0x20000008         --   Gb  - Linker created -
CSTACK$$Limit           0x20001008         --   Gb  - Linker created -
GPIO_PortF_Handler      0x000000e9  0x38  Code  Gb  main.o [1]
Region$$Table$$Base     0x000003b8         --   Gb  - Linker created -
Region$$Table$$Limit    0x000003cc         --   Gb  - Linker created -
__cmain                 0x000003d1        Code  Gb  cmain.o [5]
__exit                  0x00000401  0x14  Code  Gb  exit.o [6]
__iar_copy_init3        0x00000341  0x2c  Code  Gb  copy_init3.o [5]
__iar_data_init3        0x0000036d  0x28  Code  Gb  data_init.o [5]
__iar_init_vfp          0x00000395        Code  Gb  fpinit_M.o [4]
__iar_program_start     0x00000415  0x10  Code  Gb  cstartup_M.o [1]
__iar_systems$$module {Abs}
                        0x00000001        Data  Gb  command line/config [2]
__low_level_init        0x000003eb   0x4  Code  Gb  low_level_init.o [3]
__vector_table          0x00000000  0xbc  Data  Gb  cstartup_M.o [1]
_call_main              0x000003dd        Code  Gb  cmain.o [5]
_exit                   0x000003f5        Code  Gb  cexit.o [5]
_main                   0x000003e7        Code  Gb  cmain.o [5]
exit                    0x000003ef   0x4  Code  Gb  exit.o [3]
main                    0x000000bd  0x2c  Code  Gb  main.o [1]
open_gate               0x00000277  0x24  Code  Gb  main.o [1]
period                  0x20000000   0x2  Data  Gb  main.o [1]
portf_init              0x00000243  0x14  Code  Gb  main.o [1]
pwm0_init               0x0000013f  0xc4  Code  Gb  main.o [1]
pwm0_period             0x00000121  0x1e  Code  Gb  main.o [1]
timer0_clear            0x0000022f  0x14  Code  Gb  main.o [1]
timer0_init             0x0000029b  0x30  Code  Gb  main.o [1]
user_switches           0x00000257  0x20  Code  Gb  main.o [1]
wait_n_sec              0x00000203  0x2c  Code  Gb  main.o [1]


[1] = D:\Users\User\Documents\UW ME\cse474(embedded system)\lab\lab5\Debug\Obj
[2] = command line
[3] = dl7M_tln.a
[4] = m7M_tls.a
[5] = rt7M_tl.a
[6] = shb_l.a

    864 bytes of readonly  code memory
    216 bytes of readonly  data memory
  4 098 bytes of readwrite data memory

Errors: none
Warnings: none
