###############################################################################
#
# IAR ELF Linker V8.11.3.13950/W32 for ARM                13/Nov/2019  11:07:05
# Copyright 2007-2017 IAR Systems AB.
#
#    Output file  =  
#        D:\Users\User\Documents\UW ME\cse474(embedded
#        system)\lab\lab4\task3\Debug\Exe\lcd_traffic_light.out
#    Map file     =  
#        D:\Users\User\Documents\UW ME\cse474(embedded
#        system)\lab\lab4\task3\Debug\List\lcd_traffic_light.map
#    Command line =  
#        -f C:\Users\User\AppData\Local\Temp\EW40B9.tmp
#        ("D:\Users\User\Documents\UW ME\cse474(embedded
#        system)\lab\lab4\task3\Debug\Obj\cstartup_M.o"
#        "D:\Users\User\Documents\UW ME\cse474(embedded
#        system)\lab\lab4\task3\Debug\Obj\main.o" "D:\Users\User\Documents\UW
#        ME\cse474(embedded system)\lab\lab4\task3\Debug\Obj\SSD2119.o" -o
#        "D:\Users\User\Documents\UW ME\cse474(embedded
#        system)\lab\lab4\task3\Debug\Exe\lcd_traffic_light.out" --redirect
#        _Printf=_PrintfFullNoMb --redirect _Scanf=_ScanfFullNoMb --map
#        "D:\Users\User\Documents\UW ME\cse474(embedded
#        system)\lab\lab4\task3\Debug\List\lcd_traffic_light.map" --config
#        "D:\Program Files (x86)\IAR Systems\Embedded Workbench
#        8.0\arm\config\linker\TexasInstruments\TM4C123GH6.icf" --semihosting
#        --entry __iar_program_start --vfe --text_out locale)
#
###############################################################################

*******************************************************************************
*** RUNTIME MODEL ATTRIBUTES
***

CppFlavor       = *
__SystemLibrary = DLib
__dlib_version  = 6


*******************************************************************************
*** HEAP SELECTION
***

The basic heap was selected because some modules are built with
size limitations (and not runtime checking), and --advanced_heap
was not specified.


*******************************************************************************
*** PLACEMENT SUMMARY
***

"A0":  place at 0x00000000 { ro section .intvec };
"P1":  place in [from 0x00000000 to 0x0003ffff] { ro };
define block CSTACK with size = 4K, alignment = 8 { };
define block HEAP with size = 8K, alignment = 8 { };
"P2":  place in [from 0x20000000 to 0x20007fff] {
          rw, block CSTACK, block HEAP };

  Section          Kind        Address    Size  Object
  -------          ----        -------    ----  ------
"A0":                                     0x98
  .intvec          const    0x00000000    0x98  cstartup_M.o [1]
                          - 0x00000098    0x98

"P1":                                   0x17be
  .text            ro code  0x00000098  0x1038  SSD2119.o [1]
  .text            ro code  0x000010d0    0x56  ABImemcpy_unaligned.o [5]
  .text            ro code  0x00001126     0x2  cstartup_M.o [1]
  .text            ro code  0x00001128   0x3ec  main.o [1]
  .rodata          const    0x00001514   0x1e0  SSD2119.o [1]
  .text            ro code  0x000016f4    0x40  zero_init3.o [5]
  .text            ro code  0x00001734    0x28  data_init.o [5]
  .text            ro code  0x0000175c    0x22  fpinit_M.o [4]
  .iar.init_table  const    0x00001780    0x10  - Linker created -
  .text            ro code  0x00001790     0x2  cstartup_M.o [1]
  .rodata          const    0x00001794    0x20  SSD2119.o [1]
  .rodata          const    0x000017b4    0x1c  SSD2119.o [1]
  .text            ro code  0x000017d0    0x1a  cmain.o [5]
  .text            ro code  0x000017ea     0x4  low_level_init.o [3]
  .text            ro code  0x000017ee     0x4  exit.o [3]
  .text            ro code  0x000017f2     0x2  cstartup_M.o [1]
  .text            ro code  0x000017f4     0xa  cexit.o [5]
  .text            ro code  0x000017fe     0x2  cstartup_M.o [1]
  .text            ro code  0x00001800    0x14  exit.o [6]
  .text            ro code  0x00001814    0x10  cstartup_M.o [1]
  .rodata          const    0x00001824     0xc  main.o [1]
  .rodata          const    0x00001830     0xc  main.o [1]
  .rodata          const    0x0000183c     0x8  main.o [1]
  .rodata          const    0x00001844     0x8  SSD2119.o [1]
  .text            ro code  0x0000184c     0x2  cstartup_M.o [1]
  .text            ro code  0x0000184e     0x2  cstartup_M.o [1]
  .text            ro code  0x00001850     0x2  cstartup_M.o [1]
  .text            ro code  0x00001852     0x2  cstartup_M.o [1]
  .text            ro code  0x00001854     0x2  cstartup_M.o [1]
  .rodata          const    0x00001856     0x0  zero_init3.o [5]
                          - 0x00001856  0x17be

"P2", part 1 of 2:                         0xc
  .bss             zero     0x20000000     0x2  SSD2119.o [1]
  .bss             zero     0x20000002     0x2  SSD2119.o [1]
  .bss             zero     0x20000004     0x2  SSD2119.o [1]
  .bss             zero     0x20000006     0x2  SSD2119.o [1]
  .bss             zero     0x20000008     0x2  SSD2119.o [1]
  .bss             zero     0x2000000a     0x1  main.o [1]
                          - 0x2000000b     0xb

"P2", part 2 of 2:                      0x1000
  CSTACK                    0x20000010  0x1000  <Block>
    CSTACK         uninit   0x20000010  0x1000  <Block tail>
                          - 0x20001010  0x1000


*******************************************************************************
*** INIT TABLE
***

          Address     Size
          -------     ----
Zero (__iar_zero_init3)
    1 destination range, total size 0xb:
          0x20000000   0xb



*******************************************************************************
*** MODULE SUMMARY
***

    Module                 ro code  ro data  rw data
    ------                 -------  -------  -------
D:\Users\User\Documents\UW ME\cse474(embedded system)\lab\lab4\task3\Debug\Obj: [1]
    SSD2119.o                4 152      548       10
    cstartup_M.o                34      152
    main.o                   1 004       32        1
    ------------------------------------------------
    Total:                   5 190      732       11

command line: [2]
    ------------------------------------------------
    Total:

dl7M_tln.a: [3]
    exit.o                       4
    low_level_init.o             4
    ------------------------------------------------
    Total:                       8

m7M_tls.a: [4]
    fpinit_M.o                  34
    ------------------------------------------------
    Total:                      34

rt7M_tl.a: [5]
    ABImemcpy_unaligned.o       86
    cexit.o                     10
    cmain.o                     26
    data_init.o                 40
    zero_init3.o                64
    ------------------------------------------------
    Total:                     226

shb_l.a: [6]
    exit.o                      20
    ------------------------------------------------
    Total:                      20

    Gaps                                  4
    Linker created                       16    4 096
----------------------------------------------------
    Grand Total:             5 478      752    4 107


*******************************************************************************
*** ENTRY LIST
***

Entry                      Address   Size  Type      Object
-----                      -------   ----  ----      ------
.iar.init_table$$Base   0x00001780          --   Gb  - Linker created -
.iar.init_table$$Limit  0x00001790          --   Gb  - Linker created -
?main                   0x000017d1         Code  Gb  cmain.o [5]
ADC_Init                0x00000a77   0xa8  Code  Gb  SSD2119.o [1]
ADC_Read                0x00000b25   0x26  Code  Gb  SSD2119.o [1]
ADC_SetChannel          0x00000b4b   0x44  Code  Gb  SSD2119.o [1]
ASCII                   0x00001514  0x1e0  Data  Lc  SSD2119.o [1]
CSTACK$$Base            0x20000010          --   Gb  - Linker created -
CSTACK$$Limit           0x20001010          --   Gb  - Linker created -
DisableInterrupts       0x00000ed5    0xe  Code  Gb  SSD2119.o [1]
EnableInterrupts        0x00000ebf    0xe  Code  Gb  SSD2119.o [1]
GPIO_PortA_Handler      0x0000102d    0xe  Code  Gb  SSD2119.o [1]
LCD_DrawCircle          0x000007d1  0x14c  Code  Gb  SSD2119.o [1]
LCD_DrawFilledCircle    0x0000091d  0x104  Code  Gb  SSD2119.o [1]
LCD_DrawFilledRect      0x00000771   0x60  Code  Gb  SSD2119.o [1]
LCD_DrawPixel           0x0000073d   0x34  Code  Gb  SSD2119.o [1]
LCD_GPIOInit            0x00000099   0x98  Code  Gb  SSD2119.o [1]
LCD_Init                0x000001e3  0x1a2  Code  Gb  SSD2119.o [1]
LCD_PrintBinary         0x00000651   0x8c  Code  Gb  SSD2119.o [1]
LCD_PrintChar           0x000003a5   0xd0  Code  Gb  SSD2119.o [1]
LCD_PrintFloat          0x000006dd   0x32  Code  Gb  SSD2119.o [1]
LCD_PrintHex            0x000005e1   0x70  Code  Gb  SSD2119.o [1]
LCD_PrintInteger        0x00000581   0x60  Code  Gb  SSD2119.o [1]
LCD_PrintString         0x00000475   0x1c  Code  Gb  SSD2119.o [1]
LCD_SetCursor           0x00000491    0xe  Code  Gb  SSD2119.o [1]
LCD_SetTextColor        0x0000049f   0x14  Code  Gb  SSD2119.o [1]
LCD_WriteCommand        0x00000131   0x56  Code  Gb  SSD2119.o [1]
LCD_WriteData           0x00000187   0x5c  Code  Gb  SSD2119.o [1]
Region$$Table$$Base     0x00001780          --   Gb  - Linker created -
Region$$Table$$Limit    0x00001790          --   Gb  - Linker created -
Timer0_Handler          0x0000132d   0xe6  Code  Gb  main.o [1]
Timer1_Handler          0x00001413   0x40  Code  Gb  main.o [1]
Touch_BeginWaitForTouch
                        0x00000ee9   0x94  Code  Gb  SSD2119.o [1]
Touch_GetCoords         0x00000f7d   0x4c  Code  Gb  SSD2119.o [1]
Touch_Init              0x00000a25   0x52  Code  Gb  SSD2119.o [1]
Touch_ReadX             0x00000b9d  0x12c  Code  Gb  SSD2119.o [1]
Touch_ReadY             0x00000ccd  0x10c  Code  Gb  SSD2119.o [1]
Touch_ReadZ2            0x00000dd9   0xe6  Code  Gb  SSD2119.o [1]
Touch_XVal              0x20000006    0x2  Data  Gb  SSD2119.o [1]
Touch_YVal              0x20000008    0x2  Data  Gb  SSD2119.o [1]
__cmain                 0x000017d1         Code  Gb  cmain.o [5]
__exit                  0x00001801   0x14  Code  Gb  exit.o [6]
__iar_data_init3        0x00001735   0x28  Code  Gb  data_init.o [5]
__iar_init_vfp          0x0000175d         Code  Gb  fpinit_M.o [4]
__iar_program_start     0x00001815   0x10  Code  Gb  cstartup_M.o [1]
__iar_systems$$module {Abs}
                        0x00000001         Data  Gb  command line/config [2]
__iar_unaligned_memcpy4
                        0x000010d1         Code  Gb  ABImemcpy_unaligned.o [5]
__iar_unaligned_memcpy8
                        0x000010d1         Code  Gb  ABImemcpy_unaligned.o [5]
__iar_zero_init3        0x000016f5   0x40  Code  Gb  zero_init3.o [5]
__low_level_init        0x000017eb    0x4  Code  Gb  low_level_init.o [3]
__vector_table          0x00000000   0x98  Data  Gb  cstartup_M.o [1]
_call_main              0x000017dd         Code  Gb  cmain.o [5]
_exit                   0x000017f5         Code  Gb  cexit.o [5]
_main                   0x000017e7         Code  Gb  cmain.o [5]
convertColor            0x00000385   0x20  Code  Gb  SSD2119.o [1]
cursorX                 0x20000000    0x2  Data  Gb  SSD2119.o [1]
cursorY                 0x20000002    0x2  Data  Gb  SSD2119.o [1]
exit                    0x000017ef    0x4  Code  Gb  exit.o [3]
in_switch1              0x00000fc9   0x1a  Code  Gb  SSD2119.o [1]
in_switch2              0x00000fe3   0x4a  Code  Gb  SSD2119.o [1]
interrupt_init          0x000011dd    0xe  Code  Gb  main.o [1]
is_pressed              0x0000115f   0x7e  Code  Gb  main.o [1]
main                    0x00001129   0x36  Code  Gb  main.o [1]
printf                  0x000004b3   0xce  Code  Gb  SSD2119.o [1]
set_state               0x0000127f   0xae  Code  Gb  main.o [1]
system                  0x2000000a    0x1  Data  Gb  main.o [1]
textColor               0x20000004    0x2  Data  Gb  SSD2119.o [1]
timer0_init             0x00001235   0x4a  Code  Gb  main.o [1]
timer1_init             0x000011eb   0x4a  Code  Gb  main.o [1]
ui_define               0x00001453   0x6a  Code  Gb  main.o [1]


[1] = D:\Users\User\Documents\UW ME\cse474(embedded system)\lab\lab4\task3\Debug\Obj
[2] = command line
[3] = dl7M_tln.a
[4] = m7M_tls.a
[5] = rt7M_tl.a
[6] = shb_l.a

  5 478 bytes of readonly  code memory
    752 bytes of readonly  data memory
  4 107 bytes of readwrite data memory

Errors: none
Warnings: none
