###############################################################################
#
# IAR ELF Linker V8.11.3.13950/W32 for ARM                05/Nov/2019  13:56:28
# Copyright 2007-2017 IAR Systems AB.
#
#    Output file  =  
#        D:\Users\User\Documents\UW ME\cse474(embedded
#        system)\lab\lab2\task2.2\Debug\Exe\switch_interrupt.out
#    Map file     =  
#        D:\Users\User\Documents\UW ME\cse474(embedded
#        system)\lab\lab2\task2.2\Debug\List\switch_interrupt.map
#    Command line =  
#        -f C:\Users\User\AppData\Local\Temp\EW2718.tmp
#        ("D:\Users\User\Documents\UW ME\cse474(embedded
#        system)\lab\lab2\task2.2\Debug\Obj\cstartup_M.o"
#        "D:\Users\User\Documents\UW ME\cse474(embedded
#        system)\lab\lab2\task2.2\Debug\Obj\main.o" -o
#        "D:\Users\User\Documents\UW ME\cse474(embedded
#        system)\lab\lab2\task2.2\Debug\Exe\switch_interrupt.out" --redirect
#        _Printf=_PrintfFullNoMb --redirect _Scanf=_ScanfFullNoMb --map
#        "D:\Users\User\Documents\UW ME\cse474(embedded
#        system)\lab\lab2\task2.2\Debug\List\switch_interrupt.map" --config
#        "D:\Program Files (x86)\IAR Systems\Embedded Workbench
#        8.0\arm\config\linker\TexasInstruments\TM4C123GH6.icf" --semihosting
#        --entry __iar_program_start --vfe --text_out locale)
#
###############################################################################

*******************************************************************************
*** RUNTIME MODEL ATTRIBUTES
***

CppFlavor       = *
__SystemLibrary = DLib
__dlib_version  = 6


*******************************************************************************
*** HEAP SELECTION
***

The basic heap was selected because some modules are built with
size limitations (and not runtime checking), and --advanced_heap
was not specified.


*******************************************************************************
*** PLACEMENT SUMMARY
***

"A0":  place at 0x00000000 { ro section .intvec };
"P1":  place in [from 0x00000000 to 0x0003ffff] { ro };
define block CSTACK with size = 4K, alignment = 8 { };
define block HEAP with size = 8K, alignment = 8 { };
"P2":  place in [from 0x20000000 to 0x20007fff] {
          rw, block CSTACK, block HEAP };

  Section   Kind        Address    Size  Object
  -------   ----        -------    ----  ------
"A0":                              0xbc
  .intvec   const    0x00000000    0xbc  cstartup_M.o [1]
                   - 0x000000bc    0xbc

"P1":                             0x1de
  .text     ro code  0x000000bc   0x158  main.o [1]
  .text     ro code  0x00000214    0x22  fpinit_M.o [4]
  .text     ro code  0x00000236     0x2  cstartup_M.o [1]
  .text     ro code  0x00000238    0x1a  cmain.o [5]
  .text     ro code  0x00000252     0x4  low_level_init.o [3]
  .text     ro code  0x00000256     0x4  exit.o [3]
  .text     ro code  0x0000025a     0x2  cstartup_M.o [1]
  .text     ro code  0x0000025c     0xa  cexit.o [5]
  .text     ro code  0x00000266     0x2  cstartup_M.o [1]
  .text     ro code  0x00000268    0x14  exit.o [6]
  .text     ro code  0x0000027c    0x10  cstartup_M.o [1]
  .text     ro code  0x0000028c     0x2  cstartup_M.o [1]
  .text     ro code  0x0000028e     0x2  cstartup_M.o [1]
  .text     ro code  0x00000290     0x2  cstartup_M.o [1]
  .text     ro code  0x00000292     0x2  cstartup_M.o [1]
  .text     ro code  0x00000294     0x2  cstartup_M.o [1]
  .text     ro code  0x00000296     0x2  cstartup_M.o [1]
  .text     ro code  0x00000298     0x2  cstartup_M.o [1]
                   - 0x0000029a   0x1de

"P2":                            0x1000
  CSTACK             0x20000000  0x1000  <Block>
    CSTACK  uninit   0x20000000  0x1000  <Block tail>
                   - 0x20001000  0x1000



*******************************************************************************
*** MODULE SUMMARY
***

    Module            ro code  ro data  rw data
    ------            -------  -------  -------
D:\Users\User\Documents\UW ME\cse474(embedded system)\lab\lab2\task2.2\Debug\Obj: [1]
    cstartup_M.o           36      188
    main.o                344
    -------------------------------------------
    Total:                380      188

command line: [2]
    -------------------------------------------
    Total:

dl7M_tln.a: [3]
    exit.o                  4
    low_level_init.o        4
    -------------------------------------------
    Total:                  8

m7M_tls.a: [4]
    fpinit_M.o             34
    -------------------------------------------
    Total:                 34

rt7M_tl.a: [5]
    cexit.o                10
    cmain.o                26
    -------------------------------------------
    Total:                 36

shb_l.a: [6]
    exit.o                 20
    -------------------------------------------
    Total:                 20

    Linker created                        4 096
-----------------------------------------------
    Grand Total:          478      188    4 096


*******************************************************************************
*** ENTRY LIST
***

Entry                      Address  Size  Type      Object
-----                      -------  ----  ----      ------
?main                   0x00000239        Code  Gb  cmain.o [5]
CSTACK$$Base            0x20000000         --   Gb  - Linker created -
CSTACK$$Limit           0x20001000         --   Gb  - Linker created -
GPIO_PortF_Handler      0x000000d7  0x36  Code  Gb  main.o [1]
Region$$Table$$Base     0x00000000         --   Gb  - Linker created -
Region$$Table$$Limit    0x00000000         --   Gb  - Linker created -
__cmain                 0x00000239        Code  Gb  cmain.o [5]
__exit                  0x00000269  0x14  Code  Gb  exit.o [6]
__iar_init_vfp          0x00000215        Code  Gb  fpinit_M.o [4]
__iar_program_start     0x0000027d  0x10  Code  Gb  cstartup_M.o [1]
__iar_systems$$module {Abs}
                        0x00000001        Data  Gb  command line/config [2]
__low_level_init        0x00000253   0x4  Code  Gb  low_level_init.o [3]
__vector_table          0x00000000  0xbc  Data  Gb  cstartup_M.o [1]
_call_main              0x00000245        Code  Gb  cmain.o [5]
_exit                   0x0000025d        Code  Gb  cexit.o [5]
_main                   0x0000024f        Code  Gb  cmain.o [5]
blue_blink              0x00000121  0x2c  Code  Gb  main.o [1]
exit                    0x00000257   0x4  Code  Gb  exit.o [3]
main                    0x000000bd  0x1a  Code  Gb  main.o [1]
portf_init              0x0000014d  0x14  Code  Gb  main.o [1]
timer_config            0x00000161  0x30  Code  Gb  main.o [1]
timer_reset             0x0000010d  0x14  Code  Gb  main.o [1]
user_switches           0x00000191  0x32  Code  Gb  main.o [1]


[1] = D:\Users\User\Documents\UW ME\cse474(embedded system)\lab\lab2\task2.2\Debug\Obj
[2] = command line
[3] = dl7M_tln.a
[4] = m7M_tls.a
[5] = rt7M_tl.a
[6] = shb_l.a

    478 bytes of readonly  code memory
    188 bytes of readonly  data memory
  4 096 bytes of readwrite data memory

Errors: none
Warnings: none
